

================================================================
== Vitis HLS Report for 'dataflow_in_loop_ln171_for_block_y'
================================================================
* Date:           Wed Jul 31 17:02:36 2024

* Version:        2022.2 (Build 3670227 on Oct 13 2022)
* Project:        Deit_cpp
* Solution:       solution1 (Vivado IP Flow Target)
* Product family: zynquplus
* Target device:  xck26-sfvc784-2LV-c


================================================================
== Performance Estimates
================================================================
+ Timing: 
    * Summary: 
    +--------+----------+----------+------------+
    |  Clock |  Target  | Estimated| Uncertainty|
    +--------+----------+----------+------------+
    |ap_clk  |  10.00 ns|  7.300 ns|     2.70 ns|
    +--------+----------+----------+------------+

+ Latency: 
    * Summary: 
    +---------+---------+----------+----------+-------+-------+----------+
    |  Latency (cycles) |  Latency (absolute) |    Interval   | Pipeline |
    |   min   |   max   |    min   |    max   |  min  |  max  |   Type   |
    +---------+---------+----------+----------+-------+-------+----------+
    |    27714|    27714|  0.277 ms|  0.277 ms|  27673|  27673|  dataflow|
    +---------+---------+----------+----------+-------+-------+----------+

    + Detail: 
        * Instance: 
        +---------------------------------------+--------------------------------------+---------+---------+----------+----------+-------+-------+----------+
        |                                       |                                      |  Latency (cycles) |  Latency (absolute) |    Interval   | Pipeline |
        |                Instance               |                Module                |   min   |   max   |    min   |    max   |  min  |  max  |   Type   |
        +---------------------------------------+--------------------------------------+---------+---------+----------+----------+-------+-------+----------+
        |patch_embed_accumulate_16u_128u_8u_U0  |patch_embed_accumulate_16u_128u_8u_s  |    27714|    27714|  0.277 ms|  0.277 ms|  27673|  27673|  dataflow|
        |patch_embed_output_U0                  |patch_embed_output                    |      788|      788|  7.880 us|  7.880 us|    788|    788|        no|
        +---------------------------------------+--------------------------------------+---------+---------+----------+----------+-------+-------+----------+

        * Loop: 
        N/A



================================================================
== Utilization Estimates
================================================================
* Summary: 
+-----------------+---------+------+--------+--------+-----+
|       Name      | BRAM_18K|  DSP |   FF   |   LUT  | URAM|
+-----------------+---------+------+--------+--------+-----+
|DSP              |        -|     -|       -|       -|    -|
|Expression       |        -|     -|       0|      12|    -|
|FIFO             |        -|     -|       -|       -|    -|
|Instance         |        -|   256|   27577|   47590|    -|
|Memory           |       58|     -|       0|       0|    0|
|Multiplexer      |        -|     -|       -|      18|    -|
|Register         |        -|     -|       2|       -|    -|
+-----------------+---------+------+--------+--------+-----+
|Total            |       58|   256|   27579|   47620|    0|
+-----------------+---------+------+--------+--------+-----+
|Available        |      288|  1248|  234240|  117120|   64|
+-----------------+---------+------+--------+--------+-----+
|Utilization (%)  |       20|    20|      11|      40|    0|
+-----------------+---------+------+--------+--------+-----+

+ Detail: 
    * Instance: 
    +---------------------------------------+--------------------------------------+---------+-----+-------+-------+-----+
    |                Instance               |                Module                | BRAM_18K| DSP |   FF  |  LUT  | URAM|
    +---------------------------------------+--------------------------------------+---------+-----+-------+-------+-----+
    |patch_embed_accumulate_16u_128u_8u_U0  |patch_embed_accumulate_16u_128u_8u_s  |        0|  256|  24763|  41782|    0|
    |patch_embed_output_U0                  |patch_embed_output                    |        0|    0|   2814|   5808|    0|
    +---------------------------------------+--------------------------------------+---------+-----+-------+-------+-----+
    |Total                                  |                                      |        0|  256|  27577|  47590|    0|
    +---------------------------------------+--------------------------------------+---------+-----+-------+-------+-----+

    * DSP: 
    N/A

    * Memory: 
    +-------------+------------------------------------------------------------+---------+---+----+-----+------+-----+------+-------------+
    |    Memory   |                           Module                           | BRAM_18K| FF| LUT| URAM| Words| Bits| Banks| W*Bits*Banks|
    +-------------+------------------------------------------------------------+---------+---+----+-----+------+-----+------+-------------+
    |patches31_U  |dataflow_in_loop_ln171_for_block_y_patches31_RAM_AUTO_1R1W  |       58|  0|   0|    0|   192|  512|     1|        98304|
    +-------------+------------------------------------------------------------+---------+---+----+-----+------+-----+------+-------------+
    |Total        |                                                            |       58|  0|   0|    0|   192|  512|     1|        98304|
    +-------------+------------------------------------------------------------+---------+---+----+-----+------+-----+------+-------------+

    * FIFO: 
    N/A

    * Expression: 
    +--------------------------------------------------------+----------+----+---+----+------------+------------+
    |                      Variable Name                     | Operation| DSP| FF| LUT| Bitwidth P0| Bitwidth P1|
    +--------------------------------------------------------+----------+----+---+----+------------+------------+
    |ap_idle                                                 |       and|   0|  0|   2|           1|           1|
    |ap_sync_ready                                           |       and|   0|  0|   2|           1|           1|
    |patch_embed_accumulate_16u_128u_8u_U0_ap_start          |       and|   0|  0|   2|           1|           1|
    |patch_embed_output_U0_ap_start                          |       and|   0|  0|   2|           1|           1|
    |ap_sync_patch_embed_accumulate_16u_128u_8u_U0_ap_ready  |        or|   0|  0|   2|           1|           1|
    |ap_sync_patch_embed_output_U0_ap_ready                  |        or|   0|  0|   2|           1|           1|
    +--------------------------------------------------------+----------+----+---+----+------------+------------+
    |Total                                                   |          |   0|  0|  12|           6|           6|
    +--------------------------------------------------------+----------+----+---+----+------------+------------+

    * Multiplexer: 
    +------------------------------------------------------------+----+-----------+-----+-----------+
    |                            Name                            | LUT| Input Size| Bits| Total Bits|
    +------------------------------------------------------------+----+-----------+-----+-----------+
    |ap_sync_reg_patch_embed_accumulate_16u_128u_8u_U0_ap_ready  |   9|          2|    1|          2|
    |ap_sync_reg_patch_embed_output_U0_ap_ready                  |   9|          2|    1|          2|
    +------------------------------------------------------------+----+-----------+-----+-----------+
    |Total                                                       |  18|          4|    2|          4|
    +------------------------------------------------------------+----+-----------+-----+-----------+

    * Register: 
    +------------------------------------------------------------+---+----+-----+-----------+
    |                            Name                            | FF| LUT| Bits| Const Bits|
    +------------------------------------------------------------+---+----+-----+-----------+
    |ap_sync_reg_patch_embed_accumulate_16u_128u_8u_U0_ap_ready  |  1|   0|    1|          0|
    |ap_sync_reg_patch_embed_output_U0_ap_ready                  |  1|   0|    1|          0|
    +------------------------------------------------------------+---+----+-----+-----------+
    |Total                                                       |  2|   0|    2|          0|
    +------------------------------------------------------------+---+----+-----+-----------+



================================================================
== Interface
================================================================
* Summary: 
+------------------------------+-----+------+------------+-------------------------------------+--------------+
|           RTL Ports          | Dir | Bits |  Protocol  |            Source Object            |    C Type    |
+------------------------------+-----+------+------------+-------------------------------------+--------------+
|ap_clk                        |   in|     1|  ap_ctrl_hs|  dataflow_in_loop__ln171_for_block_y|  return value|
|ap_rst                        |   in|     1|  ap_ctrl_hs|  dataflow_in_loop__ln171_for_block_y|  return value|
|ap_start                      |   in|     1|  ap_ctrl_hs|  dataflow_in_loop__ln171_for_block_y|  return value|
|ap_done                       |  out|     1|  ap_ctrl_hs|  dataflow_in_loop__ln171_for_block_y|  return value|
|ap_ready                      |  out|     1|  ap_ctrl_hs|  dataflow_in_loop__ln171_for_block_y|  return value|
|ap_idle                       |  out|     1|  ap_ctrl_hs|  dataflow_in_loop__ln171_for_block_y|  return value|
|ap_continue                   |   in|     1|  ap_ctrl_hs|  dataflow_in_loop__ln171_for_block_y|  return value|
|m_axi_inout1_AWVALID          |  out|     1|       m_axi|                               inout1|       pointer|
|m_axi_inout1_AWREADY          |   in|     1|       m_axi|                               inout1|       pointer|
|m_axi_inout1_AWADDR           |  out|    64|       m_axi|                               inout1|       pointer|
|m_axi_inout1_AWID             |  out|     1|       m_axi|                               inout1|       pointer|
|m_axi_inout1_AWLEN            |  out|    32|       m_axi|                               inout1|       pointer|
|m_axi_inout1_AWSIZE           |  out|     3|       m_axi|                               inout1|       pointer|
|m_axi_inout1_AWBURST          |  out|     2|       m_axi|                               inout1|       pointer|
|m_axi_inout1_AWLOCK           |  out|     2|       m_axi|                               inout1|       pointer|
|m_axi_inout1_AWCACHE          |  out|     4|       m_axi|                               inout1|       pointer|
|m_axi_inout1_AWPROT           |  out|     3|       m_axi|                               inout1|       pointer|
|m_axi_inout1_AWQOS            |  out|     4|       m_axi|                               inout1|       pointer|
|m_axi_inout1_AWREGION         |  out|     4|       m_axi|                               inout1|       pointer|
|m_axi_inout1_AWUSER           |  out|     1|       m_axi|                               inout1|       pointer|
|m_axi_inout1_WVALID           |  out|     1|       m_axi|                               inout1|       pointer|
|m_axi_inout1_WREADY           |   in|     1|       m_axi|                               inout1|       pointer|
|m_axi_inout1_WDATA            |  out|   256|       m_axi|                               inout1|       pointer|
|m_axi_inout1_WSTRB            |  out|    32|       m_axi|                               inout1|       pointer|
|m_axi_inout1_WLAST            |  out|     1|       m_axi|                               inout1|       pointer|
|m_axi_inout1_WID              |  out|     1|       m_axi|                               inout1|       pointer|
|m_axi_inout1_WUSER            |  out|     1|       m_axi|                               inout1|       pointer|
|m_axi_inout1_ARVALID          |  out|     1|       m_axi|                               inout1|       pointer|
|m_axi_inout1_ARREADY          |   in|     1|       m_axi|                               inout1|       pointer|
|m_axi_inout1_ARADDR           |  out|    64|       m_axi|                               inout1|       pointer|
|m_axi_inout1_ARID             |  out|     1|       m_axi|                               inout1|       pointer|
|m_axi_inout1_ARLEN            |  out|    32|       m_axi|                               inout1|       pointer|
|m_axi_inout1_ARSIZE           |  out|     3|       m_axi|                               inout1|       pointer|
|m_axi_inout1_ARBURST          |  out|     2|       m_axi|                               inout1|       pointer|
|m_axi_inout1_ARLOCK           |  out|     2|       m_axi|                               inout1|       pointer|
|m_axi_inout1_ARCACHE          |  out|     4|       m_axi|                               inout1|       pointer|
|m_axi_inout1_ARPROT           |  out|     3|       m_axi|                               inout1|       pointer|
|m_axi_inout1_ARQOS            |  out|     4|       m_axi|                               inout1|       pointer|
|m_axi_inout1_ARREGION         |  out|     4|       m_axi|                               inout1|       pointer|
|m_axi_inout1_ARUSER           |  out|     1|       m_axi|                               inout1|       pointer|
|m_axi_inout1_RVALID           |   in|     1|       m_axi|                               inout1|       pointer|
|m_axi_inout1_RREADY           |  out|     1|       m_axi|                               inout1|       pointer|
|m_axi_inout1_RDATA            |   in|   256|       m_axi|                               inout1|       pointer|
|m_axi_inout1_RLAST            |   in|     1|       m_axi|                               inout1|       pointer|
|m_axi_inout1_RID              |   in|     1|       m_axi|                               inout1|       pointer|
|m_axi_inout1_RFIFONUM         |   in|     9|       m_axi|                               inout1|       pointer|
|m_axi_inout1_RUSER            |   in|     1|       m_axi|                               inout1|       pointer|
|m_axi_inout1_RRESP            |   in|     2|       m_axi|                               inout1|       pointer|
|m_axi_inout1_BVALID           |   in|     1|       m_axi|                               inout1|       pointer|
|m_axi_inout1_BREADY           |  out|     1|       m_axi|                               inout1|       pointer|
|m_axi_inout1_BRESP            |   in|     2|       m_axi|                               inout1|       pointer|
|m_axi_inout1_BID              |   in|     1|       m_axi|                               inout1|       pointer|
|m_axi_inout1_BUSER            |   in|     1|       m_axi|                               inout1|       pointer|
|x                             |   in|    64|     ap_none|                                    x|        scalar|
|x_ap_vld                      |   in|     1|     ap_none|                                    x|        scalar|
|y_block                       |   in|     4|     ap_none|                              y_block|        scalar|
|y_block_ap_vld                |   in|     1|     ap_none|                              y_block|        scalar|
|m_axi_inout2_AWVALID          |  out|     1|       m_axi|                               inout2|       pointer|
|m_axi_inout2_AWREADY          |   in|     1|       m_axi|                               inout2|       pointer|
|m_axi_inout2_AWADDR           |  out|    64|       m_axi|                               inout2|       pointer|
|m_axi_inout2_AWID             |  out|     1|       m_axi|                               inout2|       pointer|
|m_axi_inout2_AWLEN            |  out|    32|       m_axi|                               inout2|       pointer|
|m_axi_inout2_AWSIZE           |  out|     3|       m_axi|                               inout2|       pointer|
|m_axi_inout2_AWBURST          |  out|     2|       m_axi|                               inout2|       pointer|
|m_axi_inout2_AWLOCK           |  out|     2|       m_axi|                               inout2|       pointer|
|m_axi_inout2_AWCACHE          |  out|     4|       m_axi|                               inout2|       pointer|
|m_axi_inout2_AWPROT           |  out|     3|       m_axi|                               inout2|       pointer|
|m_axi_inout2_AWQOS            |  out|     4|       m_axi|                               inout2|       pointer|
|m_axi_inout2_AWREGION         |  out|     4|       m_axi|                               inout2|       pointer|
|m_axi_inout2_AWUSER           |  out|     1|       m_axi|                               inout2|       pointer|
|m_axi_inout2_WVALID           |  out|     1|       m_axi|                               inout2|       pointer|
|m_axi_inout2_WREADY           |   in|     1|       m_axi|                               inout2|       pointer|
|m_axi_inout2_WDATA            |  out|   256|       m_axi|                               inout2|       pointer|
|m_axi_inout2_WSTRB            |  out|    32|       m_axi|                               inout2|       pointer|
|m_axi_inout2_WLAST            |  out|     1|       m_axi|                               inout2|       pointer|
|m_axi_inout2_WID              |  out|     1|       m_axi|                               inout2|       pointer|
|m_axi_inout2_WUSER            |  out|     1|       m_axi|                               inout2|       pointer|
|m_axi_inout2_ARVALID          |  out|     1|       m_axi|                               inout2|       pointer|
|m_axi_inout2_ARREADY          |   in|     1|       m_axi|                               inout2|       pointer|
|m_axi_inout2_ARADDR           |  out|    64|       m_axi|                               inout2|       pointer|
|m_axi_inout2_ARID             |  out|     1|       m_axi|                               inout2|       pointer|
|m_axi_inout2_ARLEN            |  out|    32|       m_axi|                               inout2|       pointer|
|m_axi_inout2_ARSIZE           |  out|     3|       m_axi|                               inout2|       pointer|
|m_axi_inout2_ARBURST          |  out|     2|       m_axi|                               inout2|       pointer|
|m_axi_inout2_ARLOCK           |  out|     2|       m_axi|                               inout2|       pointer|
|m_axi_inout2_ARCACHE          |  out|     4|       m_axi|                               inout2|       pointer|
|m_axi_inout2_ARPROT           |  out|     3|       m_axi|                               inout2|       pointer|
|m_axi_inout2_ARQOS            |  out|     4|       m_axi|                               inout2|       pointer|
|m_axi_inout2_ARREGION         |  out|     4|       m_axi|                               inout2|       pointer|
|m_axi_inout2_ARUSER           |  out|     1|       m_axi|                               inout2|       pointer|
|m_axi_inout2_RVALID           |   in|     1|       m_axi|                               inout2|       pointer|
|m_axi_inout2_RREADY           |  out|     1|       m_axi|                               inout2|       pointer|
|m_axi_inout2_RDATA            |   in|   256|       m_axi|                               inout2|       pointer|
|m_axi_inout2_RLAST            |   in|     1|       m_axi|                               inout2|       pointer|
|m_axi_inout2_RID              |   in|     1|       m_axi|                               inout2|       pointer|
|m_axi_inout2_RFIFONUM         |   in|     9|       m_axi|                               inout2|       pointer|
|m_axi_inout2_RUSER            |   in|     1|       m_axi|                               inout2|       pointer|
|m_axi_inout2_RRESP            |   in|     2|       m_axi|                               inout2|       pointer|
|m_axi_inout2_BVALID           |   in|     1|       m_axi|                               inout2|       pointer|
|m_axi_inout2_BREADY           |  out|     1|       m_axi|                               inout2|       pointer|
|m_axi_inout2_BRESP            |   in|     2|       m_axi|                               inout2|       pointer|
|m_axi_inout2_BID              |   in|     1|       m_axi|                               inout2|       pointer|
|m_axi_inout2_BUSER            |   in|     1|       m_axi|                               inout2|       pointer|
|out_r                         |   in|    64|     ap_none|                                out_r|        scalar|
|out_r_ap_vld                  |   in|     1|     ap_none|                                out_r|        scalar|
|m_axi_weights_AWVALID         |  out|     1|       m_axi|                              weights|       pointer|
|m_axi_weights_AWREADY         |   in|     1|       m_axi|                              weights|       pointer|
|m_axi_weights_AWADDR          |  out|    64|       m_axi|                              weights|       pointer|
|m_axi_weights_AWID            |  out|     1|       m_axi|                              weights|       pointer|
|m_axi_weights_AWLEN           |  out|    32|       m_axi|                              weights|       pointer|
|m_axi_weights_AWSIZE          |  out|     3|       m_axi|                              weights|       pointer|
|m_axi_weights_AWBURST         |  out|     2|       m_axi|                              weights|       pointer|
|m_axi_weights_AWLOCK          |  out|     2|       m_axi|                              weights|       pointer|
|m_axi_weights_AWCACHE         |  out|     4|       m_axi|                              weights|       pointer|
|m_axi_weights_AWPROT          |  out|     3|       m_axi|                              weights|       pointer|
|m_axi_weights_AWQOS           |  out|     4|       m_axi|                              weights|       pointer|
|m_axi_weights_AWREGION        |  out|     4|       m_axi|                              weights|       pointer|
|m_axi_weights_AWUSER          |  out|     1|       m_axi|                              weights|       pointer|
|m_axi_weights_WVALID          |  out|     1|       m_axi|                              weights|       pointer|
|m_axi_weights_WREADY          |   in|     1|       m_axi|                              weights|       pointer|
|m_axi_weights_WDATA           |  out|   256|       m_axi|                              weights|       pointer|
|m_axi_weights_WSTRB           |  out|    32|       m_axi|                              weights|       pointer|
|m_axi_weights_WLAST           |  out|     1|       m_axi|                              weights|       pointer|
|m_axi_weights_WID             |  out|     1|       m_axi|                              weights|       pointer|
|m_axi_weights_WUSER           |  out|     1|       m_axi|                              weights|       pointer|
|m_axi_weights_ARVALID         |  out|     1|       m_axi|                              weights|       pointer|
|m_axi_weights_ARREADY         |   in|     1|       m_axi|                              weights|       pointer|
|m_axi_weights_ARADDR          |  out|    64|       m_axi|                              weights|       pointer|
|m_axi_weights_ARID            |  out|     1|       m_axi|                              weights|       pointer|
|m_axi_weights_ARLEN           |  out|    32|       m_axi|                              weights|       pointer|
|m_axi_weights_ARSIZE          |  out|     3|       m_axi|                              weights|       pointer|
|m_axi_weights_ARBURST         |  out|     2|       m_axi|                              weights|       pointer|
|m_axi_weights_ARLOCK          |  out|     2|       m_axi|                              weights|       pointer|
|m_axi_weights_ARCACHE         |  out|     4|       m_axi|                              weights|       pointer|
|m_axi_weights_ARPROT          |  out|     3|       m_axi|                              weights|       pointer|
|m_axi_weights_ARQOS           |  out|     4|       m_axi|                              weights|       pointer|
|m_axi_weights_ARREGION        |  out|     4|       m_axi|                              weights|       pointer|
|m_axi_weights_ARUSER          |  out|     1|       m_axi|                              weights|       pointer|
|m_axi_weights_RVALID          |   in|     1|       m_axi|                              weights|       pointer|
|m_axi_weights_RREADY          |  out|     1|       m_axi|                              weights|       pointer|
|m_axi_weights_RDATA           |   in|   256|       m_axi|                              weights|       pointer|
|m_axi_weights_RLAST           |   in|     1|       m_axi|                              weights|       pointer|
|m_axi_weights_RID             |   in|     1|       m_axi|                              weights|       pointer|
|m_axi_weights_RFIFONUM        |   in|     9|       m_axi|                              weights|       pointer|
|m_axi_weights_RUSER           |   in|     1|       m_axi|                              weights|       pointer|
|m_axi_weights_RRESP           |   in|     2|       m_axi|                              weights|       pointer|
|m_axi_weights_BVALID          |   in|     1|       m_axi|                              weights|       pointer|
|m_axi_weights_BREADY          |  out|     1|       m_axi|                              weights|       pointer|
|m_axi_weights_BRESP           |   in|     2|       m_axi|                              weights|       pointer|
|m_axi_weights_BID             |   in|     1|       m_axi|                              weights|       pointer|
|m_axi_weights_BUSER           |   in|     1|       m_axi|                              weights|       pointer|
|pos_embed                     |   in|    64|     ap_none|                            pos_embed|        scalar|
|pos_embed_ap_vld              |   in|     1|     ap_none|                            pos_embed|        scalar|
|patch_embed_bias_address0     |  out|     5|   ap_memory|                     patch_embed_bias|         array|
|patch_embed_bias_ce0          |  out|     1|   ap_memory|                     patch_embed_bias|         array|
|patch_embed_bias_d0           |  out|   128|   ap_memory|                     patch_embed_bias|         array|
|patch_embed_bias_q0           |   in|   128|   ap_memory|                     patch_embed_bias|         array|
|patch_embed_bias_we0          |  out|     1|   ap_memory|                     patch_embed_bias|         array|
|patch_embed_bias_address1     |  out|     5|   ap_memory|                     patch_embed_bias|         array|
|patch_embed_bias_ce1          |  out|     1|   ap_memory|                     patch_embed_bias|         array|
|patch_embed_bias_d1           |  out|   128|   ap_memory|                     patch_embed_bias|         array|
|patch_embed_bias_q1           |   in|   128|   ap_memory|                     patch_embed_bias|         array|
|patch_embed_bias_we1          |  out|     1|   ap_memory|                     patch_embed_bias|         array|
|patch_embed_weights_address0  |  out|    11|   ap_memory|                  patch_embed_weights|         array|
|patch_embed_weights_ce0       |  out|     1|   ap_memory|                  patch_embed_weights|         array|
|patch_embed_weights_d0        |  out|  2048|   ap_memory|                  patch_embed_weights|         array|
|patch_embed_weights_q0        |   in|  2048|   ap_memory|                  patch_embed_weights|         array|
|patch_embed_weights_we0       |  out|     1|   ap_memory|                  patch_embed_weights|         array|
|patch_embed_weights_address1  |  out|    11|   ap_memory|                  patch_embed_weights|         array|
|patch_embed_weights_ce1       |  out|     1|   ap_memory|                  patch_embed_weights|         array|
|patch_embed_weights_d1        |  out|  2048|   ap_memory|                  patch_embed_weights|         array|
|patch_embed_weights_q1        |   in|  2048|   ap_memory|                  patch_embed_weights|         array|
|patch_embed_weights_we1       |  out|     1|   ap_memory|                  patch_embed_weights|         array|
+------------------------------+-----+------+------------+-------------------------------------+--------------+

