

================================================================
== Vitis HLS Report for 'read_k_v'
================================================================
* Date:           Wed Jul 31 17:04:53 2024

* Version:        2022.2 (Build 3670227 on Oct 13 2022)
* Project:        Deit_cpp
* Solution:       solution1 (Vivado IP Flow Target)
* Product family: zynquplus
* Target device:  xck26-sfvc784-2LV-c


================================================================
== Performance Estimates
================================================================
+ Timing: 
    * Summary: 
    +--------+----------+----------+------------+
    |  Clock |  Target  | Estimated| Uncertainty|
    +--------+----------+----------+------------+
    |ap_clk  |  10.00 ns|  7.300 ns|     2.70 ns|
    +--------+----------+----------+------------+

+ Latency: 
    * Summary: 
    +---------+---------+----------+----------+--------+--------+---------+
    |  Latency (cycles) |  Latency (absolute) |     Interval    | Pipeline|
    |   min   |   max   |    min   |    max   |   min  |   max  |   Type  |
    +---------+---------+----------+----------+--------+--------+---------+
    |   102178|   102178|  1.022 ms|  1.022 ms|  102178|  102178|       no|
    +---------+---------+----------+----------+--------+--------+---------+

    + Detail: 
        * Instance: 
        N/A

        * Loop: 
        +----------------------------------------------------------------------+---------+---------+----------+-----------+-----------+--------+----------+
        |                                                                      |  Latency (cycles) | Iteration|  Initiation Interval  |  Trip  |          |
        |                               Loop Name                              |   min   |   max   |  Latency |  achieved |   target  |  Count | Pipelined|
        +----------------------------------------------------------------------+---------+---------+----------+-----------+-----------+--------+----------+
        |- _ln37_for_block_q_patch__ln39_for_each_k_patch__ln41_for_block_dim  |   102176|   102176|        10|          1|          1|  102168|       yes|
        +----------------------------------------------------------------------+---------+---------+----------+-----------+-----------+--------+----------+



================================================================
== Utilization Estimates
================================================================
* Summary: 
+-----------------+---------+------+--------+--------+-----+
|       Name      | BRAM_18K|  DSP |   FF   |   LUT  | URAM|
+-----------------+---------+------+--------+--------+-----+
|DSP              |        -|     -|       -|       -|    -|
|Expression       |        -|     -|       0|     141|    -|
|FIFO             |        -|     -|       -|       -|    -|
|Instance         |        -|     -|       -|       -|    -|
|Memory           |        -|     -|       -|       -|    -|
|Multiplexer      |        -|     -|       -|     108|    -|
|Register         |        -|     -|     441|      32|    -|
+-----------------+---------+------+--------+--------+-----+
|Total            |        0|     0|     441|     281|    0|
+-----------------+---------+------+--------+--------+-----+
|Available        |      288|  1248|  234240|  117120|   64|
+-----------------+---------+------+--------+--------+-----+
|Utilization (%)  |        0|     0|      ~0|      ~0|    0|
+-----------------+---------+------+--------+--------+-----+

+ Detail: 
    * Instance: 
    N/A

    * DSP: 
    N/A

    * Memory: 
    N/A

    * FIFO: 
    N/A

    * Expression: 
    +-----------------------------------+----------+----+---+----+------------+------------+
    |           Variable Name           | Operation| DSP| FF| LUT| Bitwidth P0| Bitwidth P1|
    +-----------------------------------+----------+----+---+----+------------+------------+
    |add_ln37_fu_186_p2                 |         +|   0|  0|  24|          17|           1|
    |add_ln39_fu_266_p2                 |         +|   0|  0|  20|          13|           1|
    |add_ln41_fu_246_p2                 |         +|   0|  0|  12|           5|           1|
    |and_ln37_fu_216_p2                 |       and|   0|  0|   2|           1|           1|
    |and_ln39_fu_234_p2                 |       and|   0|  0|   2|           1|           1|
    |ap_block_state10_pp0_stage0_iter9  |       and|   0|  0|   2|           1|           1|
    |ap_block_state2_io                 |       and|   0|  0|   2|           1|           1|
    |ap_block_state9_pp0_stage0_iter8   |       and|   0|  0|   2|           1|           1|
    |ap_condition_226                   |       and|   0|  0|   2|           1|           1|
    |ap_condition_407                   |       and|   0|  0|   2|           1|           1|
    |ap_predicate_op58_readreq_state2   |       and|   0|  0|   2|           1|           1|
    |icmp_ln37_fu_180_p2                |      icmp|   0|  0|  13|          17|          16|
    |icmp_ln39_fu_192_p2                |      icmp|   0|  0|  12|          13|          12|
    |icmp_ln41_fu_210_p2                |      icmp|   0|  0|   9|           5|           5|
    |ap_block_pp0_stage0_01001          |        or|   0|  0|   2|           1|           1|
    |ap_block_pp0_stage0_11001          |        or|   0|  0|   2|           1|           1|
    |or_ln37_fu_198_p2                  |        or|   0|  0|   2|           1|           1|
    |or_ln39_2_fu_240_p2                |        or|   0|  0|   2|           1|           1|
    |or_ln39_fu_222_p2                  |        or|   0|  0|   2|           1|           1|
    |or_ln41_fu_252_p2                  |        or|   0|  0|   2|           1|           1|
    |select_ln39_fu_272_p3              |    select|   0|  0|  12|           1|           1|
    |select_ln41_fu_258_p3              |    select|   0|  0|   5|           1|           1|
    |ap_enable_pp0                      |       xor|   0|  0|   2|           1|           2|
    |xor_ln37_fu_204_p2                 |       xor|   0|  0|   2|           1|           2|
    |xor_ln39_fu_228_p2                 |       xor|   0|  0|   2|           1|           2|
    +-----------------------------------+----------+----+---+----+------------+------------+
    |Total                              |          |   0|  0| 141|          89|          58|
    +-----------------------------------+----------+----+---+----+------------+------------+

    * Multiplexer: 
    +----------------------------------------+----+-----------+-----+-----------+
    |                  Name                  | LUT| Input Size| Bits| Total Bits|
    +----------------------------------------+----+-----------+-----+-----------+
    |ap_done_int                             |   9|          2|    1|          2|
    |ap_enable_reg_pp0_iter1                 |   9|          2|    1|          2|
    |ap_phi_mux_first_iter_0_phi_fu_118_p4   |   9|          2|    1|          2|
    |ap_sig_allocacmp_dim_block_2            |   9|          2|    5|         10|
    |ap_sig_allocacmp_indvar_flatten14_load  |   9|          2|   17|         34|
    |ap_sig_allocacmp_indvar_flatten_load    |   9|          2|   13|         26|
    |dim_block_fu_78                         |   9|          2|    5|         10|
    |indvar_flatten14_fu_86                  |   9|          2|   17|         34|
    |indvar_flatten_fu_82                    |   9|          2|   13|         26|
    |inout3_blk_n_AR                         |   9|          2|    1|          2|
    |inout3_blk_n_R                          |   9|          2|    1|          2|
    |k_stream_blk_n                          |   9|          2|    1|          2|
    +----------------------------------------+----+-----------+-----+-----------+
    |Total                                   | 108|         24|   76|        152|
    +----------------------------------------+----+-----------+-----+-----------+

    * Register: 
    +----------------------------------+-----+----+-----+-----------+
    |               Name               |  FF | LUT| Bits| Const Bits|
    +----------------------------------+-----+----+-----+-----------+
    |ap_CS_fsm                         |    1|   0|    1|          0|
    |ap_done_reg                       |    1|   0|    1|          0|
    |ap_enable_reg_pp0_iter1           |    1|   0|    1|          0|
    |ap_enable_reg_pp0_iter2           |    1|   0|    1|          0|
    |ap_enable_reg_pp0_iter3           |    1|   0|    1|          0|
    |ap_enable_reg_pp0_iter4           |    1|   0|    1|          0|
    |ap_enable_reg_pp0_iter5           |    1|   0|    1|          0|
    |ap_enable_reg_pp0_iter6           |    1|   0|    1|          0|
    |ap_enable_reg_pp0_iter7           |    1|   0|    1|          0|
    |ap_enable_reg_pp0_iter8           |    1|   0|    1|          0|
    |ap_enable_reg_pp0_iter9           |    1|   0|    1|          0|
    |ap_loop_exit_ready_pp0_iter1_reg  |    1|   0|    1|          0|
    |ap_loop_exit_ready_pp0_iter2_reg  |    1|   0|    1|          0|
    |ap_loop_exit_ready_pp0_iter3_reg  |    1|   0|    1|          0|
    |ap_loop_exit_ready_pp0_iter4_reg  |    1|   0|    1|          0|
    |ap_loop_exit_ready_pp0_iter5_reg  |    1|   0|    1|          0|
    |ap_loop_exit_ready_pp0_iter6_reg  |    1|   0|    1|          0|
    |ap_loop_exit_ready_pp0_iter7_reg  |    1|   0|    1|          0|
    |ap_loop_exit_ready_pp0_iter8_reg  |    1|   0|    1|          0|
    |dim_block_fu_78                   |    5|   0|    5|          0|
    |icmp_ln37_reg_322                 |    1|   0|    1|          0|
    |indvar_flatten14_fu_86            |   17|   0|   17|          0|
    |indvar_flatten_fu_82              |   13|   0|   13|          0|
    |inout3_addr_read_reg_335          |  256|   0|  256|          0|
    |inout3_addr_reg_316               |   64|   0|   64|          0|
    |or_ln39_2_reg_330                 |    1|   0|    1|          0|
    |or_ln39_reg_326                   |    1|   0|    1|          0|
    |icmp_ln37_reg_322                 |   64|  32|    1|          0|
    +----------------------------------+-----+----+-----+-----------+
    |Total                             |  441|  32|  378|          0|
    +----------------------------------+-----+----+-----+-----------+



================================================================
== Interface
================================================================
* Summary: 
+-------------------------+-----+-----+------------+--------------+--------------+
|        RTL Ports        | Dir | Bits|  Protocol  | Source Object|    C Type    |
+-------------------------+-----+-----+------------+--------------+--------------+
|ap_clk                   |   in|    1|  ap_ctrl_hs|      read_k_v|  return value|
|ap_rst                   |   in|    1|  ap_ctrl_hs|      read_k_v|  return value|
|ap_start                 |   in|    1|  ap_ctrl_hs|      read_k_v|  return value|
|ap_done                  |  out|    1|  ap_ctrl_hs|      read_k_v|  return value|
|ap_continue              |   in|    1|  ap_ctrl_hs|      read_k_v|  return value|
|ap_idle                  |  out|    1|  ap_ctrl_hs|      read_k_v|  return value|
|ap_ready                 |  out|    1|  ap_ctrl_hs|      read_k_v|  return value|
|m_axi_inout3_AWVALID     |  out|    1|       m_axi|        inout3|       pointer|
|m_axi_inout3_AWREADY     |   in|    1|       m_axi|        inout3|       pointer|
|m_axi_inout3_AWADDR      |  out|   64|       m_axi|        inout3|       pointer|
|m_axi_inout3_AWID        |  out|    1|       m_axi|        inout3|       pointer|
|m_axi_inout3_AWLEN       |  out|   32|       m_axi|        inout3|       pointer|
|m_axi_inout3_AWSIZE      |  out|    3|       m_axi|        inout3|       pointer|
|m_axi_inout3_AWBURST     |  out|    2|       m_axi|        inout3|       pointer|
|m_axi_inout3_AWLOCK      |  out|    2|       m_axi|        inout3|       pointer|
|m_axi_inout3_AWCACHE     |  out|    4|       m_axi|        inout3|       pointer|
|m_axi_inout3_AWPROT      |  out|    3|       m_axi|        inout3|       pointer|
|m_axi_inout3_AWQOS       |  out|    4|       m_axi|        inout3|       pointer|
|m_axi_inout3_AWREGION    |  out|    4|       m_axi|        inout3|       pointer|
|m_axi_inout3_AWUSER      |  out|    1|       m_axi|        inout3|       pointer|
|m_axi_inout3_WVALID      |  out|    1|       m_axi|        inout3|       pointer|
|m_axi_inout3_WREADY      |   in|    1|       m_axi|        inout3|       pointer|
|m_axi_inout3_WDATA       |  out|  256|       m_axi|        inout3|       pointer|
|m_axi_inout3_WSTRB       |  out|   32|       m_axi|        inout3|       pointer|
|m_axi_inout3_WLAST       |  out|    1|       m_axi|        inout3|       pointer|
|m_axi_inout3_WID         |  out|    1|       m_axi|        inout3|       pointer|
|m_axi_inout3_WUSER       |  out|    1|       m_axi|        inout3|       pointer|
|m_axi_inout3_ARVALID     |  out|    1|       m_axi|        inout3|       pointer|
|m_axi_inout3_ARREADY     |   in|    1|       m_axi|        inout3|       pointer|
|m_axi_inout3_ARADDR      |  out|   64|       m_axi|        inout3|       pointer|
|m_axi_inout3_ARID        |  out|    1|       m_axi|        inout3|       pointer|
|m_axi_inout3_ARLEN       |  out|   32|       m_axi|        inout3|       pointer|
|m_axi_inout3_ARSIZE      |  out|    3|       m_axi|        inout3|       pointer|
|m_axi_inout3_ARBURST     |  out|    2|       m_axi|        inout3|       pointer|
|m_axi_inout3_ARLOCK      |  out|    2|       m_axi|        inout3|       pointer|
|m_axi_inout3_ARCACHE     |  out|    4|       m_axi|        inout3|       pointer|
|m_axi_inout3_ARPROT      |  out|    3|       m_axi|        inout3|       pointer|
|m_axi_inout3_ARQOS       |  out|    4|       m_axi|        inout3|       pointer|
|m_axi_inout3_ARREGION    |  out|    4|       m_axi|        inout3|       pointer|
|m_axi_inout3_ARUSER      |  out|    1|       m_axi|        inout3|       pointer|
|m_axi_inout3_RVALID      |   in|    1|       m_axi|        inout3|       pointer|
|m_axi_inout3_RREADY      |  out|    1|       m_axi|        inout3|       pointer|
|m_axi_inout3_RDATA       |   in|  256|       m_axi|        inout3|       pointer|
|m_axi_inout3_RLAST       |   in|    1|       m_axi|        inout3|       pointer|
|m_axi_inout3_RID         |   in|    1|       m_axi|        inout3|       pointer|
|m_axi_inout3_RFIFONUM    |   in|    9|       m_axi|        inout3|       pointer|
|m_axi_inout3_RUSER       |   in|    1|       m_axi|        inout3|       pointer|
|m_axi_inout3_RRESP       |   in|    2|       m_axi|        inout3|       pointer|
|m_axi_inout3_BVALID      |   in|    1|       m_axi|        inout3|       pointer|
|m_axi_inout3_BREADY      |  out|    1|       m_axi|        inout3|       pointer|
|m_axi_inout3_BRESP       |   in|    2|       m_axi|        inout3|       pointer|
|m_axi_inout3_BID         |   in|    1|       m_axi|        inout3|       pointer|
|m_axi_inout3_BUSER       |   in|    1|       m_axi|        inout3|       pointer|
|k_stream_din             |  out|  256|     ap_fifo|      k_stream|       pointer|
|k_stream_num_data_valid  |   in|    2|     ap_fifo|      k_stream|       pointer|
|k_stream_fifo_cap        |   in|    2|     ap_fifo|      k_stream|       pointer|
|k_stream_full_n          |   in|    1|     ap_fifo|      k_stream|       pointer|
|k_stream_write           |  out|    1|     ap_fifo|      k_stream|       pointer|
|k                        |   in|   64|     ap_none|             k|        scalar|
+-------------------------+-----+-----+------------+--------------+--------------+

